2024-05-31T21:11:52.787+07:00  INFO 17188 --- [main] com.intern.project.InternProject         : Starting InternProject using Java 17.0.10 with PID 17188 (D:\java-spring-boot\Intern_Project\target\classes started by Theara SAMBATH in D:\java-spring-boot\Intern_Project)
2024-05-31T21:11:52.790+07:00  INFO 17188 --- [main] com.intern.project.InternProject         : No active profile set, falling back to 1 default profile: "default"
2024-05-31T21:12:37.557+07:00  INFO 17188 --- [main] .s.d.r.c.RepositoryConfigurationDelegate : Bootstrapping Spring Data JPA repositories in DEFAULT mode.
2024-05-31T21:12:37.653+07:00  INFO 17188 --- [main] .s.d.r.c.RepositoryConfigurationDelegate : Finished Spring Data repository scanning in 81 ms. Found 6 JPA repository interfaces.
2024-05-31T21:12:38.169+07:00  INFO 17188 --- [main] o.s.b.w.embedded.tomcat.TomcatWebServer  : Tomcat initialized with port(s): 8888 (http)
2024-05-31T21:12:38.178+07:00  INFO 17188 --- [main] o.apache.catalina.core.StandardService   : Starting service [Tomcat]
2024-05-31T21:12:38.178+07:00  INFO 17188 --- [main] o.apache.catalina.core.StandardEngine    : Starting Servlet engine: [Apache Tomcat/10.1.11]
2024-05-31T21:12:38.256+07:00  INFO 17188 --- [main] o.a.c.c.C.[Tomcat].[localhost].[/]       : Initializing Spring embedded WebApplicationContext
2024-05-31T21:12:38.256+07:00  INFO 17188 --- [main] w.s.c.ServletWebServerApplicationContext : Root WebApplicationContext: initialization completed in 45431 ms
2024-05-31T21:12:38.475+07:00  INFO 17188 --- [main] o.hibernate.jpa.internal.util.LogHelper  : HHH000204: Processing PersistenceUnitInfo [name: default]
2024-05-31T21:12:38.551+07:00  INFO 17188 --- [main] org.hibernate.Version                    : HHH000412: Hibernate ORM core version 6.2.6.Final
2024-05-31T21:12:38.553+07:00  INFO 17188 --- [main] org.hibernate.cfg.Environment            : HHH000406: Using bytecode reflection optimizer
2024-05-31T21:12:38.695+07:00  INFO 17188 --- [main] o.h.b.i.BytecodeProviderInitiator        : HHH000021: Bytecode provider name : bytebuddy
2024-05-31T21:12:38.813+07:00  INFO 17188 --- [main] o.s.o.j.p.SpringPersistenceUnitInfo      : No LoadTimeWeaver setup: ignoring JPA class transformer
2024-05-31T21:12:38.830+07:00  INFO 17188 --- [main] com.zaxxer.hikari.HikariDataSource       : HikariPool-1 - Starting...
2024-05-31T21:12:39.125+07:00  INFO 17188 --- [main] com.zaxxer.hikari.pool.HikariPool        : HikariPool-1 - Added connection org.postgresql.jdbc.PgConnection@727453a3
2024-05-31T21:12:39.126+07:00  INFO 17188 --- [main] com.zaxxer.hikari.HikariDataSource       : HikariPool-1 - Start completed.
2024-05-31T21:12:39.452+07:00  INFO 17188 --- [main] o.h.b.i.BytecodeProviderInitiator        : HHH000021: Bytecode provider name : bytebuddy
2024-05-31T21:12:40.527+07:00  INFO 17188 --- [main] o.h.e.t.j.p.i.JtaPlatformInitiator       : HHH000490: Using JtaPlatform implementation: [org.hibernate.engine.transaction.jta.platform.internal.NoJtaPlatform]
2024-05-31T21:12:40.715+07:00  INFO 17188 --- [main] j.LocalContainerEntityManagerFactoryBean : Initialized JPA EntityManagerFactory for persistence unit 'default'
2024-05-31T21:12:41.148+07:00  WARN 17188 --- [main] JpaBaseConfiguration$JpaWebConfiguration : spring.jpa.open-in-view is enabled by default. Therefore, database queries may be performed during view rendering. Explicitly configure spring.jpa.open-in-view to disable this warning
2024-05-31T21:12:42.558+07:00  INFO 17188 --- [main] o.s.s.web.DefaultSecurityFilterChain     : Will secure any request with [org.springframework.security.web.session.DisableEncodeUrlFilter@3446ab40, org.springframework.security.web.context.request.async.WebAsyncManagerIntegrationFilter@500d4de8, org.springframework.security.web.context.SecurityContextHolderFilter@3670af2b, org.springframework.security.web.header.HeaderWriterFilter@d8f65a1, org.springframework.security.web.authentication.logout.LogoutFilter@7701b695, org.springframework.security.oauth2.client.web.OAuth2AuthorizationRequestRedirectFilter@4194a77f, org.springframework.security.oauth2.client.web.OAuth2LoginAuthenticationFilter@3c55e9d4, org.springframework.security.web.authentication.ui.DefaultLoginPageGeneratingFilter@4a59d584, org.springframework.security.web.authentication.ui.DefaultLogoutPageGeneratingFilter@43851574, org.springframework.security.oauth2.server.resource.web.authentication.BearerTokenAuthenticationFilter@54c2cfc9, org.springframework.security.web.savedrequest.RequestCacheAwareFilter@42d4de20, org.springframework.security.web.servletapi.SecurityContextHolderAwareRequestFilter@2cc9a5a2, org.springframework.security.web.authentication.AnonymousAuthenticationFilter@344eaf7e, org.springframework.security.web.session.SessionManagementFilter@58f259bd, org.springframework.security.web.access.ExceptionTranslationFilter@16a3d9a7, org.springframework.security.web.access.intercept.AuthorizationFilter@bda4cbe]
2024-05-31T21:12:43.013+07:00  INFO 17188 --- [main] o.s.b.w.embedded.tomcat.TomcatWebServer  : Tomcat started on port(s): 8888 (http) with context path ''
2024-05-31T21:12:43.020+07:00  INFO 17188 --- [main] com.intern.project.InternProject         : Started InternProject in 52.672 seconds (process running for 54.806)
2024-05-31T21:35:03.956+07:00  INFO 17188 --- [SpringApplicationShutdownHook] j.LocalContainerEntityManagerFactoryBean : Closing JPA EntityManagerFactory for persistence unit 'default'
2024-05-31T21:35:03.958+07:00  INFO 17188 --- [SpringApplicationShutdownHook] com.zaxxer.hikari.HikariDataSource       : HikariPool-1 - Shutdown initiated...
2024-05-31T21:35:03.961+07:00  INFO 17188 --- [SpringApplicationShutdownHook] com.zaxxer.hikari.HikariDataSource       : HikariPool-1 - Shutdown completed.
2024-05-31T21:35:27.692+07:00  INFO 18116 --- [main] com.intern.project.InternProject         : Starting InternProject using Java 17.0.10 with PID 18116 (D:\java-spring-boot\Intern_Project\target\classes started by Theara SAMBATH in D:\java-spring-boot\Intern_Project)
2024-05-31T21:35:27.694+07:00  INFO 18116 --- [main] com.intern.project.InternProject         : No active profile set, falling back to 1 default profile: "default"
2024-05-31T21:35:29.369+07:00  INFO 18116 --- [main] .s.d.r.c.RepositoryConfigurationDelegate : Bootstrapping Spring Data JPA repositories in DEFAULT mode.
2024-05-31T21:35:29.421+07:00  INFO 18116 --- [main] .s.d.r.c.RepositoryConfigurationDelegate : Finished Spring Data repository scanning in 47 ms. Found 6 JPA repository interfaces.
2024-05-31T21:35:29.850+07:00  INFO 18116 --- [main] o.s.b.w.embedded.tomcat.TomcatWebServer  : Tomcat initialized with port(s): 8888 (http)
2024-05-31T21:35:29.857+07:00  INFO 18116 --- [main] o.apache.catalina.core.StandardService   : Starting service [Tomcat]
2024-05-31T21:35:29.858+07:00  INFO 18116 --- [main] o.apache.catalina.core.StandardEngine    : Starting Servlet engine: [Apache Tomcat/10.1.11]
2024-05-31T21:35:29.939+07:00  INFO 18116 --- [main] o.a.c.c.C.[Tomcat].[localhost].[/]       : Initializing Spring embedded WebApplicationContext
2024-05-31T21:35:29.939+07:00  INFO 18116 --- [main] w.s.c.ServletWebServerApplicationContext : Root WebApplicationContext: initialization completed in 2219 ms
2024-05-31T21:35:30.063+07:00  INFO 18116 --- [main] o.hibernate.jpa.internal.util.LogHelper  : HHH000204: Processing PersistenceUnitInfo [name: default]
2024-05-31T21:35:30.127+07:00  INFO 18116 --- [main] org.hibernate.Version                    : HHH000412: Hibernate ORM core version 6.2.6.Final
2024-05-31T21:35:30.129+07:00  INFO 18116 --- [main] org.hibernate.cfg.Environment            : HHH000406: Using bytecode reflection optimizer
2024-05-31T21:35:30.264+07:00  INFO 18116 --- [main] o.h.b.i.BytecodeProviderInitiator        : HHH000021: Bytecode provider name : bytebuddy
2024-05-31T21:35:30.374+07:00  INFO 18116 --- [main] o.s.o.j.p.SpringPersistenceUnitInfo      : No LoadTimeWeaver setup: ignoring JPA class transformer
2024-05-31T21:35:30.390+07:00  INFO 18116 --- [main] com.zaxxer.hikari.HikariDataSource       : HikariPool-1 - Starting...
2024-05-31T21:35:30.503+07:00  INFO 18116 --- [main] com.zaxxer.hikari.pool.HikariPool        : HikariPool-1 - Added connection org.postgresql.jdbc.PgConnection@1ad1be5d
2024-05-31T21:35:30.505+07:00  INFO 18116 --- [main] com.zaxxer.hikari.HikariDataSource       : HikariPool-1 - Start completed.
2024-05-31T21:35:30.760+07:00  INFO 18116 --- [main] o.h.b.i.BytecodeProviderInitiator        : HHH000021: Bytecode provider name : bytebuddy
2024-05-31T21:35:31.404+07:00  INFO 18116 --- [main] o.h.e.t.j.p.i.JtaPlatformInitiator       : HHH000490: Using JtaPlatform implementation: [org.hibernate.engine.transaction.jta.platform.internal.NoJtaPlatform]
2024-05-31T21:35:31.488+07:00  INFO 18116 --- [main] j.LocalContainerEntityManagerFactoryBean : Initialized JPA EntityManagerFactory for persistence unit 'default'
2024-05-31T21:35:32.800+07:00  WARN 18116 --- [main] JpaBaseConfiguration$JpaWebConfiguration : spring.jpa.open-in-view is enabled by default. Therefore, database queries may be performed during view rendering. Explicitly configure spring.jpa.open-in-view to disable this warning
2024-05-31T21:35:33.260+07:00  INFO 18116 --- [main] o.s.s.web.DefaultSecurityFilterChain     : Will secure any request with [org.springframework.security.web.session.DisableEncodeUrlFilter@45aa02de, org.springframework.security.web.context.request.async.WebAsyncManagerIntegrationFilter@19598b38, org.springframework.security.web.context.SecurityContextHolderFilter@7dcc6679, org.springframework.security.web.header.HeaderWriterFilter@29f3ea39, org.springframework.security.web.authentication.logout.LogoutFilter@56e589e5, org.springframework.security.oauth2.client.web.OAuth2AuthorizationRequestRedirectFilter@3e1c566d, org.springframework.security.oauth2.client.web.OAuth2LoginAuthenticationFilter@36ce48bc, org.springframework.security.web.authentication.ui.DefaultLoginPageGeneratingFilter@4b682e71, org.springframework.security.web.authentication.ui.DefaultLogoutPageGeneratingFilter@5d16bb07, org.springframework.security.oauth2.server.resource.web.authentication.BearerTokenAuthenticationFilter@3f1dadeb, org.springframework.security.web.savedrequest.RequestCacheAwareFilter@64cbc28e, org.springframework.security.web.servletapi.SecurityContextHolderAwareRequestFilter@5623fd90, org.springframework.security.web.authentication.AnonymousAuthenticationFilter@233bfc46, org.springframework.security.web.session.SessionManagementFilter@19740583, org.springframework.security.web.access.ExceptionTranslationFilter@606c2e4b, org.springframework.security.web.access.intercept.AuthorizationFilter@1e79b0fc]
2024-05-31T21:35:34.920+07:00  INFO 18116 --- [main] o.s.b.w.embedded.tomcat.TomcatWebServer  : Tomcat started on port(s): 8888 (http) with context path ''
2024-05-31T21:35:34.928+07:00  INFO 18116 --- [main] com.intern.project.InternProject         : Started InternProject in 7.545 seconds (process running for 8.561)
2024-05-31T21:35:47.984+07:00  INFO 18116 --- [http-nio-8888-exec-1] o.a.c.c.C.[Tomcat].[localhost].[/]       : Initializing Spring DispatcherServlet 'dispatcherServlet'
2024-05-31T21:35:47.986+07:00  INFO 18116 --- [http-nio-8888-exec-1] o.s.web.servlet.DispatcherServlet        : Initializing Servlet 'dispatcherServlet'
2024-05-31T21:35:47.987+07:00  INFO 18116 --- [http-nio-8888-exec-1] o.s.web.servlet.DispatcherServlet        : Completed initialization in 1 ms
2024-05-31T21:37:34.024+07:00  INFO 18116 --- [SpringApplicationShutdownHook] j.LocalContainerEntityManagerFactoryBean : Closing JPA EntityManagerFactory for persistence unit 'default'
2024-05-31T21:37:34.024+07:00  INFO 18116 --- [SpringApplicationShutdownHook] com.zaxxer.hikari.HikariDataSource       : HikariPool-1 - Shutdown initiated...
2024-05-31T21:37:34.027+07:00  INFO 18116 --- [SpringApplicationShutdownHook] com.zaxxer.hikari.HikariDataSource       : HikariPool-1 - Shutdown completed.
2024-05-31T21:37:37.588+07:00  INFO 17960 --- [main] com.intern.project.InternProject         : Starting InternProject using Java 17.0.10 with PID 17960 (D:\java-spring-boot\Intern_Project\target\classes started by Theara SAMBATH in D:\java-spring-boot\Intern_Project)
2024-05-31T21:37:37.590+07:00  INFO 17960 --- [main] com.intern.project.InternProject         : No active profile set, falling back to 1 default profile: "default"
2024-05-31T21:37:38.197+07:00  INFO 17960 --- [main] .s.d.r.c.RepositoryConfigurationDelegate : Bootstrapping Spring Data JPA repositories in DEFAULT mode.
2024-05-31T21:37:38.255+07:00  INFO 17960 --- [main] .s.d.r.c.RepositoryConfigurationDelegate : Finished Spring Data repository scanning in 54 ms. Found 6 JPA repository interfaces.
2024-05-31T21:37:38.724+07:00  INFO 17960 --- [main] o.s.b.w.embedded.tomcat.TomcatWebServer  : Tomcat initialized with port(s): 8888 (http)
2024-05-31T21:37:38.760+07:00  INFO 17960 --- [main] o.apache.catalina.core.StandardService   : Starting service [Tomcat]
2024-05-31T21:37:38.760+07:00  INFO 17960 --- [main] o.apache.catalina.core.StandardEngine    : Starting Servlet engine: [Apache Tomcat/10.1.11]
2024-05-31T21:37:38.832+07:00  INFO 17960 --- [main] o.a.c.c.C.[Tomcat].[localhost].[/]       : Initializing Spring embedded WebApplicationContext
2024-05-31T21:37:38.833+07:00  INFO 17960 --- [main] w.s.c.ServletWebServerApplicationContext : Root WebApplicationContext: initialization completed in 1210 ms
2024-05-31T21:37:38.943+07:00  INFO 17960 --- [main] o.hibernate.jpa.internal.util.LogHelper  : HHH000204: Processing PersistenceUnitInfo [name: default]
2024-05-31T21:37:38.982+07:00  INFO 17960 --- [main] org.hibernate.Version                    : HHH000412: Hibernate ORM core version 6.2.6.Final
2024-05-31T21:37:38.984+07:00  INFO 17960 --- [main] org.hibernate.cfg.Environment            : HHH000406: Using bytecode reflection optimizer
2024-05-31T21:37:39.083+07:00  INFO 17960 --- [main] o.h.b.i.BytecodeProviderInitiator        : HHH000021: Bytecode provider name : bytebuddy
2024-05-31T21:37:39.168+07:00  INFO 17960 --- [main] o.s.o.j.p.SpringPersistenceUnitInfo      : No LoadTimeWeaver setup: ignoring JPA class transformer
2024-05-31T21:37:39.179+07:00  INFO 17960 --- [main] com.zaxxer.hikari.HikariDataSource       : HikariPool-1 - Starting...
2024-05-31T21:37:39.294+07:00  INFO 17960 --- [main] com.zaxxer.hikari.pool.HikariPool        : HikariPool-1 - Added connection org.postgresql.jdbc.PgConnection@5d96d434
2024-05-31T21:37:39.295+07:00  INFO 17960 --- [main] com.zaxxer.hikari.HikariDataSource       : HikariPool-1 - Start completed.
2024-05-31T21:37:39.502+07:00  INFO 17960 --- [main] o.h.b.i.BytecodeProviderInitiator        : HHH000021: Bytecode provider name : bytebuddy
2024-05-31T21:37:40.086+07:00  INFO 17960 --- [main] o.h.e.t.j.p.i.JtaPlatformInitiator       : HHH000490: Using JtaPlatform implementation: [org.hibernate.engine.transaction.jta.platform.internal.NoJtaPlatform]
2024-05-31T21:37:40.229+07:00  INFO 17960 --- [main] j.LocalContainerEntityManagerFactoryBean : Initialized JPA EntityManagerFactory for persistence unit 'default'
2024-05-31T21:37:40.688+07:00  WARN 17960 --- [main] JpaBaseConfiguration$JpaWebConfiguration : spring.jpa.open-in-view is enabled by default. Therefore, database queries may be performed during view rendering. Explicitly configure spring.jpa.open-in-view to disable this warning
2024-05-31T21:37:41.282+07:00  INFO 17960 --- [main] o.s.s.web.DefaultSecurityFilterChain     : Will secure any request with [org.springframework.security.web.session.DisableEncodeUrlFilter@63b0aeb1, org.springframework.security.web.context.request.async.WebAsyncManagerIntegrationFilter@75b5d09, org.springframework.security.web.context.SecurityContextHolderFilter@5e18a6a7, org.springframework.security.web.header.HeaderWriterFilter@54bf2319, org.springframework.security.web.authentication.logout.LogoutFilter@7e383712, org.springframework.security.oauth2.client.web.OAuth2AuthorizationRequestRedirectFilter@140e003e, org.springframework.security.oauth2.client.web.OAuth2LoginAuthenticationFilter@2197990b, org.springframework.security.web.authentication.ui.DefaultLoginPageGeneratingFilter@3a22c944, org.springframework.security.web.authentication.ui.DefaultLogoutPageGeneratingFilter@1a99d328, org.springframework.security.oauth2.server.resource.web.authentication.BearerTokenAuthenticationFilter@2258228f, org.springframework.security.web.savedrequest.RequestCacheAwareFilter@f81bd2c, org.springframework.security.web.servletapi.SecurityContextHolderAwareRequestFilter@2fedfff1, org.springframework.security.web.authentication.AnonymousAuthenticationFilter@578cd644, org.springframework.security.web.session.SessionManagementFilter@16a30d66, org.springframework.security.web.access.ExceptionTranslationFilter@18ce7872, org.springframework.security.web.access.intercept.AuthorizationFilter@6f2f4b9e]
2024-05-31T21:37:41.536+07:00  INFO 17960 --- [main] o.s.b.w.embedded.tomcat.TomcatWebServer  : Tomcat started on port(s): 8888 (http) with context path ''
2024-05-31T21:37:41.977+07:00  INFO 17960 --- [main] com.intern.project.InternProject         : Started InternProject in 4.729 seconds (process running for 5.223)
2024-05-31T21:39:58.975+07:00  INFO 17960 --- [SpringApplicationShutdownHook] j.LocalContainerEntityManagerFactoryBean : Closing JPA EntityManagerFactory for persistence unit 'default'
2024-05-31T21:39:58.976+07:00  INFO 17960 --- [SpringApplicationShutdownHook] com.zaxxer.hikari.HikariDataSource       : HikariPool-1 - Shutdown initiated...
2024-05-31T21:39:58.978+07:00  INFO 17960 --- [SpringApplicationShutdownHook] com.zaxxer.hikari.HikariDataSource       : HikariPool-1 - Shutdown completed.
2024-05-31T21:40:02.321+07:00  INFO 18168 --- [main] com.intern.project.InternProject         : Starting InternProject using Java 17.0.10 with PID 18168 (D:\java-spring-boot\Intern_Project\target\classes started by Theara SAMBATH in D:\java-spring-boot\Intern_Project)
2024-05-31T21:40:02.323+07:00  INFO 18168 --- [main] com.intern.project.InternProject         : No active profile set, falling back to 1 default profile: "default"
2024-05-31T21:40:02.935+07:00  INFO 18168 --- [main] .s.d.r.c.RepositoryConfigurationDelegate : Bootstrapping Spring Data JPA repositories in DEFAULT mode.
2024-05-31T21:40:03.676+07:00  INFO 18168 --- [main] .s.d.r.c.RepositoryConfigurationDelegate : Finished Spring Data repository scanning in 61 ms. Found 6 JPA repository interfaces.
2024-05-31T21:40:04.068+07:00  INFO 18168 --- [main] o.s.b.w.embedded.tomcat.TomcatWebServer  : Tomcat initialized with port(s): 8888 (http)
2024-05-31T21:40:04.074+07:00  INFO 18168 --- [main] o.apache.catalina.core.StandardService   : Starting service [Tomcat]
2024-05-31T21:40:04.074+07:00  INFO 18168 --- [main] o.apache.catalina.core.StandardEngine    : Starting Servlet engine: [Apache Tomcat/10.1.11]
2024-05-31T21:40:04.144+07:00  INFO 18168 --- [main] o.a.c.c.C.[Tomcat].[localhost].[/]       : Initializing Spring embedded WebApplicationContext
2024-05-31T21:40:04.145+07:00  INFO 18168 --- [main] w.s.c.ServletWebServerApplicationContext : Root WebApplicationContext: initialization completed in 1787 ms
2024-05-31T21:40:04.260+07:00  INFO 18168 --- [main] o.hibernate.jpa.internal.util.LogHelper  : HHH000204: Processing PersistenceUnitInfo [name: default]
2024-05-31T21:40:04.299+07:00  INFO 18168 --- [main] org.hibernate.Version                    : HHH000412: Hibernate ORM core version 6.2.6.Final
2024-05-31T21:40:04.300+07:00  INFO 18168 --- [main] org.hibernate.cfg.Environment            : HHH000406: Using bytecode reflection optimizer
2024-05-31T21:40:04.393+07:00  INFO 18168 --- [main] o.h.b.i.BytecodeProviderInitiator        : HHH000021: Bytecode provider name : bytebuddy
2024-05-31T21:40:04.472+07:00  INFO 18168 --- [main] o.s.o.j.p.SpringPersistenceUnitInfo      : No LoadTimeWeaver setup: ignoring JPA class transformer
2024-05-31T21:40:04.483+07:00  INFO 18168 --- [main] com.zaxxer.hikari.HikariDataSource       : HikariPool-1 - Starting...
2024-05-31T21:40:04.596+07:00  INFO 18168 --- [main] com.zaxxer.hikari.pool.HikariPool        : HikariPool-1 - Added connection org.postgresql.jdbc.PgConnection@1fa9692b
2024-05-31T21:40:04.597+07:00  INFO 18168 --- [main] com.zaxxer.hikari.HikariDataSource       : HikariPool-1 - Start completed.
2024-05-31T21:40:04.812+07:00  INFO 18168 --- [main] o.h.b.i.BytecodeProviderInitiator        : HHH000021: Bytecode provider name : bytebuddy
2024-05-31T21:40:05.363+07:00  INFO 18168 --- [main] o.h.e.t.j.p.i.JtaPlatformInitiator       : HHH000490: Using JtaPlatform implementation: [org.hibernate.engine.transaction.jta.platform.internal.NoJtaPlatform]
2024-05-31T21:40:05.450+07:00  INFO 18168 --- [main] j.LocalContainerEntityManagerFactoryBean : Initialized JPA EntityManagerFactory for persistence unit 'default'
2024-05-31T21:40:05.909+07:00  WARN 18168 --- [main] JpaBaseConfiguration$JpaWebConfiguration : spring.jpa.open-in-view is enabled by default. Therefore, database queries may be performed during view rendering. Explicitly configure spring.jpa.open-in-view to disable this warning
2024-05-31T21:40:06.502+07:00  INFO 18168 --- [main] o.s.s.web.DefaultSecurityFilterChain     : Will secure any request with [org.springframework.security.web.session.DisableEncodeUrlFilter@36c763cd, org.springframework.security.web.context.request.async.WebAsyncManagerIntegrationFilter@97842a0, org.springframework.security.web.context.SecurityContextHolderFilter@551fefe8, org.springframework.security.web.header.HeaderWriterFilter@7cbcd27e, org.springframework.security.web.authentication.logout.LogoutFilter@2c4142f8, org.springframework.security.oauth2.client.web.OAuth2AuthorizationRequestRedirectFilter@7e383712, org.springframework.security.oauth2.client.web.OAuth2LoginAuthenticationFilter@2330c5c5, org.springframework.security.web.authentication.ui.DefaultLoginPageGeneratingFilter@28357fc3, org.springframework.security.web.authentication.ui.DefaultLogoutPageGeneratingFilter@2cc3b0a7, org.springframework.security.oauth2.server.resource.web.authentication.BearerTokenAuthenticationFilter@5f804b36, org.springframework.security.web.savedrequest.RequestCacheAwareFilter@621a7d83, org.springframework.security.web.servletapi.SecurityContextHolderAwareRequestFilter@58de1da2, org.springframework.security.web.authentication.AnonymousAuthenticationFilter@41628b4f, org.springframework.security.web.session.SessionManagementFilter@2d7b117, org.springframework.security.web.access.ExceptionTranslationFilter@2ea2f965, org.springframework.security.web.access.intercept.AuthorizationFilter@54bf2319]
2024-05-31T21:40:06.769+07:00  INFO 18168 --- [main] o.s.b.w.embedded.tomcat.TomcatWebServer  : Tomcat started on port(s): 8888 (http) with context path ''
2024-05-31T21:40:06.778+07:00  INFO 18168 --- [main] com.intern.project.InternProject         : Started InternProject in 4.768 seconds (process running for 5.196)
2024-05-31T21:42:14.000+07:00  INFO 18168 --- [SpringApplicationShutdownHook] j.LocalContainerEntityManagerFactoryBean : Closing JPA EntityManagerFactory for persistence unit 'default'
2024-05-31T21:42:14.001+07:00  INFO 18168 --- [SpringApplicationShutdownHook] com.zaxxer.hikari.HikariDataSource       : HikariPool-1 - Shutdown initiated...
2024-05-31T21:42:14.003+07:00  INFO 18168 --- [SpringApplicationShutdownHook] com.zaxxer.hikari.HikariDataSource       : HikariPool-1 - Shutdown completed.
2024-05-31T21:42:16.080+07:00  INFO 17284 --- [main] com.intern.project.InternProject         : Starting InternProject using Java 17.0.10 with PID 17284 (D:\java-spring-boot\Intern_Project\target\classes started by Theara SAMBATH in D:\java-spring-boot\Intern_Project)
2024-05-31T21:42:16.082+07:00  INFO 17284 --- [main] com.intern.project.InternProject         : No active profile set, falling back to 1 default profile: "default"
2024-05-31T21:42:16.674+07:00  INFO 17284 --- [main] .s.d.r.c.RepositoryConfigurationDelegate : Bootstrapping Spring Data JPA repositories in DEFAULT mode.
2024-05-31T21:42:18.821+07:00  INFO 17284 --- [main] .s.d.r.c.RepositoryConfigurationDelegate : Finished Spring Data repository scanning in 54 ms. Found 6 JPA repository interfaces.
2024-05-31T21:42:19.218+07:00  INFO 17284 --- [main] o.s.b.w.embedded.tomcat.TomcatWebServer  : Tomcat initialized with port(s): 8888 (http)
2024-05-31T21:42:19.224+07:00  INFO 17284 --- [main] o.apache.catalina.core.StandardService   : Starting service [Tomcat]
2024-05-31T21:42:19.224+07:00  INFO 17284 --- [main] o.apache.catalina.core.StandardEngine    : Starting Servlet engine: [Apache Tomcat/10.1.11]
2024-05-31T21:42:19.296+07:00  INFO 17284 --- [main] o.a.c.c.C.[Tomcat].[localhost].[/]       : Initializing Spring embedded WebApplicationContext
2024-05-31T21:42:19.296+07:00  INFO 17284 --- [main] w.s.c.ServletWebServerApplicationContext : Root WebApplicationContext: initialization completed in 3181 ms
2024-05-31T21:42:19.416+07:00  INFO 17284 --- [main] o.hibernate.jpa.internal.util.LogHelper  : HHH000204: Processing PersistenceUnitInfo [name: default]
2024-05-31T21:42:19.456+07:00  INFO 17284 --- [main] org.hibernate.Version                    : HHH000412: Hibernate ORM core version 6.2.6.Final
2024-05-31T21:42:19.457+07:00  INFO 17284 --- [main] org.hibernate.cfg.Environment            : HHH000406: Using bytecode reflection optimizer
2024-05-31T21:42:19.550+07:00  INFO 17284 --- [main] o.h.b.i.BytecodeProviderInitiator        : HHH000021: Bytecode provider name : bytebuddy
2024-05-31T21:42:19.638+07:00  INFO 17284 --- [main] o.s.o.j.p.SpringPersistenceUnitInfo      : No LoadTimeWeaver setup: ignoring JPA class transformer
2024-05-31T21:42:19.650+07:00  INFO 17284 --- [main] com.zaxxer.hikari.HikariDataSource       : HikariPool-1 - Starting...
2024-05-31T21:42:19.768+07:00  INFO 17284 --- [main] com.zaxxer.hikari.pool.HikariPool        : HikariPool-1 - Added connection org.postgresql.jdbc.PgConnection@356341c9
2024-05-31T21:42:19.770+07:00  INFO 17284 --- [main] com.zaxxer.hikari.HikariDataSource       : HikariPool-1 - Start completed.
2024-05-31T21:42:19.978+07:00  INFO 17284 --- [main] o.h.b.i.BytecodeProviderInitiator        : HHH000021: Bytecode provider name : bytebuddy
2024-05-31T21:42:20.527+07:00  INFO 17284 --- [main] o.h.e.t.j.p.i.JtaPlatformInitiator       : HHH000490: Using JtaPlatform implementation: [org.hibernate.engine.transaction.jta.platform.internal.NoJtaPlatform]
2024-05-31T21:42:20.606+07:00  INFO 17284 --- [main] j.LocalContainerEntityManagerFactoryBean : Initialized JPA EntityManagerFactory for persistence unit 'default'
2024-05-31T21:42:21.065+07:00  WARN 17284 --- [main] JpaBaseConfiguration$JpaWebConfiguration : spring.jpa.open-in-view is enabled by default. Therefore, database queries may be performed during view rendering. Explicitly configure spring.jpa.open-in-view to disable this warning
2024-05-31T21:42:21.743+07:00  INFO 17284 --- [main] o.s.s.web.DefaultSecurityFilterChain     : Will secure any request with [org.springframework.security.web.session.DisableEncodeUrlFilter@31af3f22, org.springframework.security.web.context.request.async.WebAsyncManagerIntegrationFilter@6c418f0b, org.springframework.security.web.context.SecurityContextHolderFilter@34db5935, org.springframework.security.web.header.HeaderWriterFilter@c358f32, org.springframework.security.web.authentication.logout.LogoutFilter@97842a0, org.springframework.security.oauth2.client.web.OAuth2AuthorizationRequestRedirectFilter@75b5d09, org.springframework.security.oauth2.client.web.OAuth2LoginAuthenticationFilter@1a99d328, org.springframework.security.web.authentication.ui.DefaultLoginPageGeneratingFilter@6419726f, org.springframework.security.web.authentication.ui.DefaultLogoutPageGeneratingFilter@38950138, org.springframework.security.oauth2.server.resource.web.authentication.BearerTokenAuthenticationFilter@9a932a4, org.springframework.security.web.savedrequest.RequestCacheAwareFilter@148c571c, org.springframework.security.web.servletapi.SecurityContextHolderAwareRequestFilter@545e200b, org.springframework.security.web.authentication.AnonymousAuthenticationFilter@99ace98, org.springframework.security.web.session.SessionManagementFilter@505e483f, org.springframework.security.web.access.ExceptionTranslationFilter@16a30d66, org.springframework.security.web.access.intercept.AuthorizationFilter@4e396d1c]
2024-05-31T21:42:21.992+07:00  INFO 17284 --- [main] o.s.b.w.embedded.tomcat.TomcatWebServer  : Tomcat started on port(s): 8888 (http) with context path ''
2024-05-31T21:42:21.999+07:00  INFO 17284 --- [main] com.intern.project.InternProject         : Started InternProject in 6.271 seconds (process running for 6.837)
2024-05-31T21:43:12.750+07:00  INFO 17284 --- [http-nio-8888-exec-1] o.a.c.c.C.[Tomcat].[localhost].[/]       : Initializing Spring DispatcherServlet 'dispatcherServlet'
2024-05-31T21:43:12.751+07:00  INFO 17284 --- [http-nio-8888-exec-1] o.s.web.servlet.DispatcherServlet        : Initializing Servlet 'dispatcherServlet'
2024-05-31T21:43:12.752+07:00  INFO 17284 --- [http-nio-8888-exec-1] o.s.web.servlet.DispatcherServlet        : Completed initialization in 1 ms
2024-05-31T21:43:13.436+07:00  INFO 17284 --- [http-nio-8888-exec-6] o.springdoc.api.AbstractOpenApiResource  : Init duration for springdoc-openapi is: 360 ms
2024-05-31T21:46:40.365+07:00  INFO 17284 --- [SpringApplicationShutdownHook] j.LocalContainerEntityManagerFactoryBean : Closing JPA EntityManagerFactory for persistence unit 'default'
2024-05-31T21:46:40.366+07:00  INFO 17284 --- [SpringApplicationShutdownHook] com.zaxxer.hikari.HikariDataSource       : HikariPool-1 - Shutdown initiated...
2024-05-31T21:46:40.368+07:00  INFO 17284 --- [SpringApplicationShutdownHook] com.zaxxer.hikari.HikariDataSource       : HikariPool-1 - Shutdown completed.
2024-05-31T21:46:45.579+07:00  INFO 16756 --- [main] com.intern.project.InternProject         : Starting InternProject using Java 17.0.10 with PID 16756 (D:\java-spring-boot\Intern_Project\target\classes started by Theara SAMBATH in D:\java-spring-boot\Intern_Project)
2024-05-31T21:46:45.581+07:00  INFO 16756 --- [main] com.intern.project.InternProject         : No active profile set, falling back to 1 default profile: "default"
2024-05-31T21:46:46.163+07:00  INFO 16756 --- [main] .s.d.r.c.RepositoryConfigurationDelegate : Bootstrapping Spring Data JPA repositories in DEFAULT mode.
2024-05-31T21:46:46.463+07:00  INFO 16756 --- [main] .s.d.r.c.RepositoryConfigurationDelegate : Finished Spring Data repository scanning in 56 ms. Found 6 JPA repository interfaces.
2024-05-31T21:46:46.858+07:00  INFO 16756 --- [main] o.s.b.w.embedded.tomcat.TomcatWebServer  : Tomcat initialized with port(s): 8888 (http)
2024-05-31T21:46:46.863+07:00  INFO 16756 --- [main] o.apache.catalina.core.StandardService   : Starting service [Tomcat]
2024-05-31T21:46:46.864+07:00  INFO 16756 --- [main] o.apache.catalina.core.StandardEngine    : Starting Servlet engine: [Apache Tomcat/10.1.11]
2024-05-31T21:46:46.936+07:00  INFO 16756 --- [main] o.a.c.c.C.[Tomcat].[localhost].[/]       : Initializing Spring embedded WebApplicationContext
2024-05-31T21:46:46.936+07:00  INFO 16756 --- [main] w.s.c.ServletWebServerApplicationContext : Root WebApplicationContext: initialization completed in 1322 ms
2024-05-31T21:46:47.050+07:00  INFO 16756 --- [main] o.hibernate.jpa.internal.util.LogHelper  : HHH000204: Processing PersistenceUnitInfo [name: default]
2024-05-31T21:46:47.085+07:00  INFO 16756 --- [main] org.hibernate.Version                    : HHH000412: Hibernate ORM core version 6.2.6.Final
2024-05-31T21:46:47.087+07:00  INFO 16756 --- [main] org.hibernate.cfg.Environment            : HHH000406: Using bytecode reflection optimizer
2024-05-31T21:46:47.178+07:00  INFO 16756 --- [main] o.h.b.i.BytecodeProviderInitiator        : HHH000021: Bytecode provider name : bytebuddy
2024-05-31T21:46:47.256+07:00  INFO 16756 --- [main] o.s.o.j.p.SpringPersistenceUnitInfo      : No LoadTimeWeaver setup: ignoring JPA class transformer
2024-05-31T21:46:47.266+07:00  INFO 16756 --- [main] com.zaxxer.hikari.HikariDataSource       : HikariPool-1 - Starting...
2024-05-31T21:46:47.378+07:00  INFO 16756 --- [main] com.zaxxer.hikari.pool.HikariPool        : HikariPool-1 - Added connection org.postgresql.jdbc.PgConnection@702f4124
2024-05-31T21:46:47.379+07:00  INFO 16756 --- [main] com.zaxxer.hikari.HikariDataSource       : HikariPool-1 - Start completed.
2024-05-31T21:46:47.583+07:00  INFO 16756 --- [main] o.h.b.i.BytecodeProviderInitiator        : HHH000021: Bytecode provider name : bytebuddy
2024-05-31T21:46:49.437+07:00  INFO 16756 --- [main] o.h.e.t.j.p.i.JtaPlatformInitiator       : HHH000490: Using JtaPlatform implementation: [org.hibernate.engine.transaction.jta.platform.internal.NoJtaPlatform]
2024-05-31T21:46:49.576+07:00  INFO 16756 --- [main] j.LocalContainerEntityManagerFactoryBean : Initialized JPA EntityManagerFactory for persistence unit 'default'
2024-05-31T21:46:50.049+07:00  WARN 16756 --- [main] JpaBaseConfiguration$JpaWebConfiguration : spring.jpa.open-in-view is enabled by default. Therefore, database queries may be performed during view rendering. Explicitly configure spring.jpa.open-in-view to disable this warning
2024-05-31T21:46:50.653+07:00  INFO 16756 --- [main] o.s.s.web.DefaultSecurityFilterChain     : Will secure any request with [org.springframework.security.web.session.DisableEncodeUrlFilter@14d43f13, org.springframework.security.web.context.request.async.WebAsyncManagerIntegrationFilter@140449d9, org.springframework.security.web.context.SecurityContextHolderFilter@136c3a6, org.springframework.security.web.header.HeaderWriterFilter@201f0e84, org.springframework.security.web.authentication.logout.LogoutFilter@3986b56, org.springframework.security.oauth2.client.web.OAuth2AuthorizationRequestRedirectFilter@38f704f4, org.springframework.security.oauth2.client.web.OAuth2LoginAuthenticationFilter@43f4621b, org.springframework.security.web.authentication.ui.DefaultLoginPageGeneratingFilter@f81bd2c, org.springframework.security.web.authentication.ui.DefaultLogoutPageGeneratingFilter@748015f8, org.springframework.security.oauth2.server.resource.web.authentication.BearerTokenAuthenticationFilter@71077d1, org.springframework.security.web.savedrequest.RequestCacheAwareFilter@7d45e754, org.springframework.security.web.servletapi.SecurityContextHolderAwareRequestFilter@16a30d66, org.springframework.security.web.authentication.AnonymousAuthenticationFilter@140e003e, org.springframework.security.web.session.SessionManagementFilter@1d7914a5, org.springframework.security.web.access.ExceptionTranslationFilter@32ff3c98, org.springframework.security.web.access.intercept.AuthorizationFilter@42210d27]
2024-05-31T21:46:50.953+07:00  INFO 16756 --- [main] o.s.b.w.embedded.tomcat.TomcatWebServer  : Tomcat started on port(s): 8888 (http) with context path ''
2024-05-31T21:46:50.960+07:00  INFO 16756 --- [main] com.intern.project.InternProject         : Started InternProject in 5.699 seconds (process running for 6.172)
2024-05-31T21:47:23.594+07:00  INFO 16756 --- [http-nio-8888-exec-1] o.a.c.c.C.[Tomcat].[localhost].[/]       : Initializing Spring DispatcherServlet 'dispatcherServlet'
2024-05-31T21:47:23.594+07:00  INFO 16756 --- [http-nio-8888-exec-1] o.s.web.servlet.DispatcherServlet        : Initializing Servlet 'dispatcherServlet'
2024-05-31T21:47:23.595+07:00  INFO 16756 --- [http-nio-8888-exec-1] o.s.web.servlet.DispatcherServlet        : Completed initialization in 0 ms
2024-05-31T21:47:24.178+07:00  INFO 16756 --- [http-nio-8888-exec-9] o.springdoc.api.AbstractOpenApiResource  : Init duration for springdoc-openapi is: 341 ms
2024-05-31T21:59:45.579+07:00  INFO 16756 --- [SpringApplicationShutdownHook] j.LocalContainerEntityManagerFactoryBean : Closing JPA EntityManagerFactory for persistence unit 'default'
2024-05-31T21:59:45.580+07:00  INFO 16756 --- [SpringApplicationShutdownHook] com.zaxxer.hikari.HikariDataSource       : HikariPool-1 - Shutdown initiated...
2024-05-31T21:59:45.582+07:00  INFO 16756 --- [SpringApplicationShutdownHook] com.zaxxer.hikari.HikariDataSource       : HikariPool-1 - Shutdown completed.
2024-05-31T22:04:18.090+07:00  INFO 9724 --- [main] com.intern.project.InternProject         : Starting InternProject using Java 17.0.10 with PID 9724 (D:\java-spring-boot\Intern_Project\target\classes started by Theara SAMBATH in D:\java-spring-boot\Intern_Project)
2024-05-31T22:04:18.092+07:00  INFO 9724 --- [main] com.intern.project.InternProject         : No active profile set, falling back to 1 default profile: "default"
2024-05-31T22:04:18.661+07:00  INFO 9724 --- [main] .s.d.r.c.RepositoryConfigurationDelegate : Bootstrapping Spring Data JPA repositories in DEFAULT mode.
2024-05-31T22:04:18.903+07:00  INFO 9724 --- [main] .s.d.r.c.RepositoryConfigurationDelegate : Finished Spring Data repository scanning in 60 ms. Found 6 JPA repository interfaces.
2024-05-31T22:04:19.299+07:00  INFO 9724 --- [main] o.s.b.w.embedded.tomcat.TomcatWebServer  : Tomcat initialized with port(s): 8888 (http)
2024-05-31T22:04:19.304+07:00  INFO 9724 --- [main] o.apache.catalina.core.StandardService   : Starting service [Tomcat]
2024-05-31T22:04:19.305+07:00  INFO 9724 --- [main] o.apache.catalina.core.StandardEngine    : Starting Servlet engine: [Apache Tomcat/10.1.11]
2024-05-31T22:04:19.375+07:00  INFO 9724 --- [main] o.a.c.c.C.[Tomcat].[localhost].[/]       : Initializing Spring embedded WebApplicationContext
2024-05-31T22:04:19.375+07:00  INFO 9724 --- [main] w.s.c.ServletWebServerApplicationContext : Root WebApplicationContext: initialization completed in 1252 ms
2024-05-31T22:04:19.472+07:00  INFO 9724 --- [main] com.zaxxer.hikari.HikariDataSource       : HikariPool-1 - Starting...
2024-05-31T22:04:19.586+07:00  INFO 9724 --- [main] com.zaxxer.hikari.pool.HikariPool        : HikariPool-1 - Added connection org.postgresql.jdbc.PgConnection@5c234920
2024-05-31T22:04:19.587+07:00  INFO 9724 --- [main] com.zaxxer.hikari.HikariDataSource       : HikariPool-1 - Start completed.
2024-05-31T22:04:19.690+07:00  INFO 9724 --- [main] liquibase.database                       : Set default schema name to public
2024-05-31T22:04:19.814+07:00  INFO 9724 --- [main] liquibase.executor                       : Changelog query completed.
2024-05-31T22:04:19.824+07:00  INFO 9724 --- [main] liquibase.executor                       : Changelog query completed.
2024-05-31T22:04:19.832+07:00  INFO 9724 --- [main] liquibase.executor                       : Changelog query completed.
2024-05-31T22:04:19.834+07:00  INFO 9724 --- [main] liquibase.executor                       : Changelog query completed.
2024-05-31T22:04:19.838+07:00  INFO 9724 --- [main] liquibase.executor                       : Changelog query completed.
2024-05-31T22:04:19.839+07:00  INFO 9724 --- [main] liquibase.lockservice                    : Successfully acquired change log lock
2024-05-31T22:04:19.852+07:00  INFO 9724 --- [main] liquibase.changelog                      : Creating database history table with name: public.databasechangelog
2024-05-31T22:04:19.860+07:00  INFO 9724 --- [main] liquibase.executor                       : Changelog query completed.
2024-05-31T22:04:19.862+07:00  INFO 9724 --- [main] liquibase.changelog                      : Reading from public.databasechangelog
2024-05-31T22:04:19.864+07:00  INFO 9724 --- [main] liquibase.executor                       : Changelog query completed.
2024-05-31T22:04:19.866+07:00  INFO 9724 --- [main] liquibase.executor                       : Changelog query completed.
2024-05-31T22:04:19.899+07:00 ERROR 9724 --- [main] liquibase.changelog                      : ChangeSet db/changelog/changelog.sql::raw::includeAll encountered an exception.
2024-05-31T22:04:19.900+07:00  INFO 9724 --- [main] liquibase                                : Update command encountered an exception.
2024-05-31T22:04:19.902+07:00  INFO 9724 --- [main] liquibase.executor                       : Changelog query completed.
2024-05-31T22:04:19.902+07:00  INFO 9724 --- [main] liquibase.lockservice                    : Successfully released change log lock
2024-05-31T22:04:19.903+07:00  WARN 9724 --- [main] ConfigServletWebServerApplicationContext : Exception encountered during context initialization - cancelling refresh attempt: org.springframework.beans.factory.BeanCreationException: Error creating bean with name 'liquibase' defined in class path resource [org/springframework/boot/autoconfigure/liquibase/LiquibaseAutoConfiguration$LiquibaseConfiguration.class]: liquibase.exception.MigrationFailedException: Migration failed for changeset db/changelog/changelog.sql::raw::includeAll:
     Reason: liquibase.exception.DatabaseException: ERROR: syntax error at or near "databaseChangeLog"
  Position: 1 [Failed SQL: (0) databaseChangeLog:
   - changeSet:
       id: 1
       author: Liquibase
       changes:
       - createTable:
           tableName: test_table
           columns:
           - column:
               name: test_column
               type: INT
               constraints:
                   primaryKey:  true
                   nullable:  false
                   tableName: test_table]
2024-05-31T22:04:19.903+07:00  INFO 9724 --- [main] com.zaxxer.hikari.HikariDataSource       : HikariPool-1 - Shutdown initiated...
2024-05-31T22:04:19.933+07:00  INFO 9724 --- [main] com.zaxxer.hikari.HikariDataSource       : HikariPool-1 - Shutdown completed.
2024-05-31T22:04:19.935+07:00  INFO 9724 --- [main] o.apache.catalina.core.StandardService   : Stopping service [Tomcat]
2024-05-31T22:04:19.943+07:00  INFO 9724 --- [main] .s.b.a.l.ConditionEvaluationReportLogger : 

Error starting ApplicationContext. To display the condition evaluation report re-run your application with 'debug' enabled.
2024-05-31T22:04:19.958+07:00 ERROR 9724 --- [main] o.s.boot.SpringApplication               : Application run failed

org.springframework.beans.factory.BeanCreationException: Error creating bean with name 'liquibase' defined in class path resource [org/springframework/boot/autoconfigure/liquibase/LiquibaseAutoConfiguration$LiquibaseConfiguration.class]: liquibase.exception.MigrationFailedException: Migration failed for changeset db/changelog/changelog.sql::raw::includeAll:
     Reason: liquibase.exception.DatabaseException: ERROR: syntax error at or near "databaseChangeLog"
  Position: 1 [Failed SQL: (0) databaseChangeLog:
   - changeSet:
       id: 1
       author: Liquibase
       changes:
       - createTable:
           tableName: test_table
           columns:
           - column:
               name: test_column
               type: INT
               constraints:
                   primaryKey:  true
                   nullable:  false
                   tableName: test_table]
	at org.springframework.beans.factory.support.AbstractAutowireCapableBeanFactory.initializeBean(AbstractAutowireCapableBeanFactory.java:1770) ~[spring-beans-6.0.11.jar:6.0.11]
	at org.springframework.beans.factory.support.AbstractAutowireCapableBeanFactory.doCreateBean(AbstractAutowireCapableBeanFactory.java:598) ~[spring-beans-6.0.11.jar:6.0.11]
	at org.springframework.beans.factory.support.AbstractAutowireCapableBeanFactory.createBean(AbstractAutowireCapableBeanFactory.java:520) ~[spring-beans-6.0.11.jar:6.0.11]
	at org.springframework.beans.factory.support.AbstractBeanFactory.lambda$doGetBean$0(AbstractBeanFactory.java:326) ~[spring-beans-6.0.11.jar:6.0.11]
	at org.springframework.beans.factory.support.DefaultSingletonBeanRegistry.getSingleton(DefaultSingletonBeanRegistry.java:234) ~[spring-beans-6.0.11.jar:6.0.11]
	at org.springframework.beans.factory.support.AbstractBeanFactory.doGetBean(AbstractBeanFactory.java:324) ~[spring-beans-6.0.11.jar:6.0.11]
	at org.springframework.beans.factory.support.AbstractBeanFactory.getBean(AbstractBeanFactory.java:200) ~[spring-beans-6.0.11.jar:6.0.11]
	at org.springframework.beans.factory.support.AbstractBeanFactory.doGetBean(AbstractBeanFactory.java:313) ~[spring-beans-6.0.11.jar:6.0.11]
	at org.springframework.beans.factory.support.AbstractBeanFactory.getBean(AbstractBeanFactory.java:200) ~[spring-beans-6.0.11.jar:6.0.11]
	at org.springframework.context.support.AbstractApplicationContext.getBean(AbstractApplicationContext.java:1155) ~[spring-context-6.0.11.jar:6.0.11]
	at org.springframework.context.support.AbstractApplicationContext.finishBeanFactoryInitialization(AbstractApplicationContext.java:932) ~[spring-context-6.0.11.jar:6.0.11]
	at org.springframework.context.support.AbstractApplicationContext.refresh(AbstractApplicationContext.java:608) ~[spring-context-6.0.11.jar:6.0.11]
	at org.springframework.boot.web.servlet.context.ServletWebServerApplicationContext.refresh(ServletWebServerApplicationContext.java:146) ~[spring-boot-3.1.2.jar:3.1.2]
	at org.springframework.boot.SpringApplication.refresh(SpringApplication.java:734) ~[spring-boot-3.1.2.jar:3.1.2]
	at org.springframework.boot.SpringApplication.refreshContext(SpringApplication.java:436) ~[spring-boot-3.1.2.jar:3.1.2]
	at org.springframework.boot.SpringApplication.run(SpringApplication.java:312) ~[spring-boot-3.1.2.jar:3.1.2]
	at org.springframework.boot.SpringApplication.run(SpringApplication.java:1306) ~[spring-boot-3.1.2.jar:3.1.2]
	at org.springframework.boot.SpringApplication.run(SpringApplication.java:1295) ~[spring-boot-3.1.2.jar:3.1.2]
	at com.intern.project.InternProject.main(InternProject.java:9) ~[classes/:na]
Caused by: liquibase.exception.LiquibaseException: liquibase.exception.MigrationFailedException: Migration failed for changeset db/changelog/changelog.sql::raw::includeAll:
     Reason: liquibase.exception.DatabaseException: ERROR: syntax error at or near "databaseChangeLog"
  Position: 1 [Failed SQL: (0) databaseChangeLog:
   - changeSet:
       id: 1
       author: Liquibase
       changes:
       - createTable:
           tableName: test_table
           columns:
           - column:
               name: test_column
               type: INT
               constraints:
                   primaryKey:  true
                   nullable:  false
                   tableName: test_table]
	at liquibase.changelog.ChangeLogIterator.run(ChangeLogIterator.java:136) ~[liquibase-core-4.20.0.jar:na]
	at liquibase.Liquibase.lambda$null$0(Liquibase.java:297) ~[liquibase-core-4.20.0.jar:na]
	at liquibase.Scope.lambda$child$0(Scope.java:187) ~[liquibase-core-4.20.0.jar:na]
	at liquibase.Scope.child(Scope.java:196) ~[liquibase-core-4.20.0.jar:na]
	at liquibase.Scope.child(Scope.java:186) ~[liquibase-core-4.20.0.jar:na]
	at liquibase.Scope.child(Scope.java:165) ~[liquibase-core-4.20.0.jar:na]
	at liquibase.Scope.child(Scope.java:256) ~[liquibase-core-4.20.0.jar:na]
	at liquibase.Liquibase.lambda$update$1(Liquibase.java:295) ~[liquibase-core-4.20.0.jar:na]
	at liquibase.Scope.lambda$child$0(Scope.java:187) ~[liquibase-core-4.20.0.jar:na]
	at liquibase.Scope.child(Scope.java:196) ~[liquibase-core-4.20.0.jar:na]
	at liquibase.Scope.child(Scope.java:186) ~[liquibase-core-4.20.0.jar:na]
	at liquibase.Scope.child(Scope.java:165) ~[liquibase-core-4.20.0.jar:na]
	at liquibase.Liquibase.runInScope(Liquibase.java:2639) ~[liquibase-core-4.20.0.jar:na]
	at liquibase.Liquibase.update(Liquibase.java:236) ~[liquibase-core-4.20.0.jar:na]
	at liquibase.Liquibase.update(Liquibase.java:221) ~[liquibase-core-4.20.0.jar:na]
	at liquibase.integration.spring.SpringLiquibase.performUpdate(SpringLiquibase.java:329) ~[liquibase-core-4.20.0.jar:na]
	at liquibase.integration.spring.SpringLiquibase.afterPropertiesSet(SpringLiquibase.java:284) ~[liquibase-core-4.20.0.jar:na]
	at org.springframework.beans.factory.support.AbstractAutowireCapableBeanFactory.invokeInitMethods(AbstractAutowireCapableBeanFactory.java:1817) ~[spring-beans-6.0.11.jar:6.0.11]
	at org.springframework.beans.factory.support.AbstractAutowireCapableBeanFactory.initializeBean(AbstractAutowireCapableBeanFactory.java:1766) ~[spring-beans-6.0.11.jar:6.0.11]
	... 18 common frames omitted
Caused by: liquibase.exception.MigrationFailedException: Migration failed for changeset db/changelog/changelog.sql::raw::includeAll:
     Reason: liquibase.exception.DatabaseException: ERROR: syntax error at or near "databaseChangeLog"
  Position: 1 [Failed SQL: (0) databaseChangeLog:
   - changeSet:
       id: 1
       author: Liquibase
       changes:
       - createTable:
           tableName: test_table
           columns:
           - column:
               name: test_column
               type: INT
               constraints:
                   primaryKey:  true
                   nullable:  false
                   tableName: test_table]
	at liquibase.changelog.ChangeSet.execute(ChangeSet.java:744) ~[liquibase-core-4.20.0.jar:na]
	at liquibase.changelog.visitor.UpdateVisitor.visit(UpdateVisitor.java:59) ~[liquibase-core-4.20.0.jar:na]
	at liquibase.changelog.ChangeLogIterator$2.lambda$null$0(ChangeLogIterator.java:124) ~[liquibase-core-4.20.0.jar:na]
	at liquibase.Scope.lambda$child$0(Scope.java:187) ~[liquibase-core-4.20.0.jar:na]
	at liquibase.Scope.child(Scope.java:196) ~[liquibase-core-4.20.0.jar:na]
	at liquibase.Scope.child(Scope.java:186) ~[liquibase-core-4.20.0.jar:na]
	at liquibase.Scope.child(Scope.java:165) ~[liquibase-core-4.20.0.jar:na]
	at liquibase.changelog.ChangeLogIterator$2.lambda$run$1(ChangeLogIterator.java:124) ~[liquibase-core-4.20.0.jar:na]
	at liquibase.Scope.lambda$child$0(Scope.java:187) ~[liquibase-core-4.20.0.jar:na]
	at liquibase.Scope.child(Scope.java:196) ~[liquibase-core-4.20.0.jar:na]
	at liquibase.Scope.child(Scope.java:186) ~[liquibase-core-4.20.0.jar:na]
	at liquibase.Scope.child(Scope.java:165) ~[liquibase-core-4.20.0.jar:na]
	at liquibase.Scope.child(Scope.java:256) ~[liquibase-core-4.20.0.jar:na]
	at liquibase.changelog.ChangeLogIterator$2.run(ChangeLogIterator.java:105) ~[liquibase-core-4.20.0.jar:na]
	at liquibase.Scope.lambda$child$0(Scope.java:187) ~[liquibase-core-4.20.0.jar:na]
	at liquibase.Scope.child(Scope.java:196) ~[liquibase-core-4.20.0.jar:na]
	at liquibase.Scope.child(Scope.java:186) ~[liquibase-core-4.20.0.jar:na]
	at liquibase.Scope.child(Scope.java:165) ~[liquibase-core-4.20.0.jar:na]
	at liquibase.Scope.child(Scope.java:256) ~[liquibase-core-4.20.0.jar:na]
	at liquibase.Scope.child(Scope.java:260) ~[liquibase-core-4.20.0.jar:na]
	at liquibase.changelog.ChangeLogIterator.run(ChangeLogIterator.java:75) ~[liquibase-core-4.20.0.jar:na]
	... 36 common frames omitted
Caused by: liquibase.exception.DatabaseException: ERROR: syntax error at or near "databaseChangeLog"
  Position: 1 [Failed SQL: (0) databaseChangeLog:
   - changeSet:
       id: 1
       author: Liquibase
       changes:
       - createTable:
           tableName: test_table
           columns:
           - column:
               name: test_column
               type: INT
               constraints:
                   primaryKey:  true
                   nullable:  false
                   tableName: test_table]
	at liquibase.executor.jvm.JdbcExecutor$ExecuteStatementCallback.doInStatement(JdbcExecutor.java:445) ~[liquibase-core-4.20.0.jar:na]
	at liquibase.executor.jvm.JdbcExecutor.execute(JdbcExecutor.java:77) ~[liquibase-core-4.20.0.jar:na]
	at liquibase.executor.jvm.JdbcExecutor.execute(JdbcExecutor.java:160) ~[liquibase-core-4.20.0.jar:na]
	at liquibase.database.AbstractJdbcDatabase.execute(AbstractJdbcDatabase.java:1270) ~[liquibase-core-4.20.0.jar:na]
	at liquibase.database.AbstractJdbcDatabase.executeStatements(AbstractJdbcDatabase.java:1252) ~[liquibase-core-4.20.0.jar:na]
	at liquibase.changelog.ChangeSet.execute(ChangeSet.java:702) ~[liquibase-core-4.20.0.jar:na]
	... 56 common frames omitted
Caused by: org.postgresql.util.PSQLException: ERROR: syntax error at or near "databaseChangeLog"
  Position: 1
	at org.postgresql.core.v3.QueryExecutorImpl.receiveErrorResponse(QueryExecutorImpl.java:2713) ~[postgresql-42.6.0.jar:42.6.0]
	at org.postgresql.core.v3.QueryExecutorImpl.processResults(QueryExecutorImpl.java:2401) ~[postgresql-42.6.0.jar:42.6.0]
	at org.postgresql.core.v3.QueryExecutorImpl.execute(QueryExecutorImpl.java:368) ~[postgresql-42.6.0.jar:42.6.0]
	at org.postgresql.jdbc.PgStatement.executeInternal(PgStatement.java:498) ~[postgresql-42.6.0.jar:42.6.0]
	at org.postgresql.jdbc.PgStatement.execute(PgStatement.java:415) ~[postgresql-42.6.0.jar:42.6.0]
	at org.postgresql.jdbc.PgStatement.executeWithFlags(PgStatement.java:335) ~[postgresql-42.6.0.jar:42.6.0]
	at org.postgresql.jdbc.PgStatement.executeCachedSql(PgStatement.java:321) ~[postgresql-42.6.0.jar:42.6.0]
	at org.postgresql.jdbc.PgStatement.executeWithFlags(PgStatement.java:297) ~[postgresql-42.6.0.jar:42.6.0]
	at org.postgresql.jdbc.PgStatement.execute(PgStatement.java:292) ~[postgresql-42.6.0.jar:42.6.0]
	at com.zaxxer.hikari.pool.ProxyStatement.execute(ProxyStatement.java:94) ~[HikariCP-5.0.1.jar:na]
	at com.zaxxer.hikari.pool.HikariProxyStatement.execute(HikariProxyStatement.java) ~[HikariCP-5.0.1.jar:na]
	at liquibase.executor.jvm.JdbcExecutor$ExecuteStatementCallback.doInStatement(JdbcExecutor.java:441) ~[liquibase-core-4.20.0.jar:na]
	... 61 common frames omitted

2024-05-31T22:10:05.199+07:00  INFO 1316 --- [main] com.intern.project.InternProject         : Starting InternProject using Java 17.0.10 with PID 1316 (D:\java-spring-boot\Intern_Project\target\classes started by Theara SAMBATH in D:\java-spring-boot\Intern_Project)
2024-05-31T22:10:05.201+07:00  INFO 1316 --- [main] com.intern.project.InternProject         : No active profile set, falling back to 1 default profile: "default"
2024-05-31T22:10:05.760+07:00  INFO 1316 --- [main] .s.d.r.c.RepositoryConfigurationDelegate : Bootstrapping Spring Data JPA repositories in DEFAULT mode.
2024-05-31T22:10:05.824+07:00  INFO 1316 --- [main] .s.d.r.c.RepositoryConfigurationDelegate : Finished Spring Data repository scanning in 59 ms. Found 6 JPA repository interfaces.
2024-05-31T22:10:06.209+07:00  INFO 1316 --- [main] o.s.b.w.embedded.tomcat.TomcatWebServer  : Tomcat initialized with port(s): 8888 (http)
2024-05-31T22:10:06.215+07:00  INFO 1316 --- [main] o.apache.catalina.core.StandardService   : Starting service [Tomcat]
2024-05-31T22:10:06.216+07:00  INFO 1316 --- [main] o.apache.catalina.core.StandardEngine    : Starting Servlet engine: [Apache Tomcat/10.1.11]
2024-05-31T22:10:06.287+07:00  INFO 1316 --- [main] o.a.c.c.C.[Tomcat].[localhost].[/]       : Initializing Spring embedded WebApplicationContext
2024-05-31T22:10:06.287+07:00  INFO 1316 --- [main] w.s.c.ServletWebServerApplicationContext : Root WebApplicationContext: initialization completed in 1057 ms
2024-05-31T22:10:06.390+07:00  INFO 1316 --- [main] com.zaxxer.hikari.HikariDataSource       : HikariPool-1 - Starting...
2024-05-31T22:10:06.507+07:00  INFO 1316 --- [main] com.zaxxer.hikari.pool.HikariPool        : HikariPool-1 - Added connection org.postgresql.jdbc.PgConnection@410fc508
2024-05-31T22:10:06.509+07:00  INFO 1316 --- [main] com.zaxxer.hikari.HikariDataSource       : HikariPool-1 - Start completed.
2024-05-31T22:10:06.615+07:00  INFO 1316 --- [main] liquibase.database                       : Set default schema name to public
2024-05-31T22:10:06.668+07:00  INFO 1316 --- [main] liquibase.changelog                      : Reading from public.databasechangelog
2024-05-31T22:10:06.673+07:00  INFO 1316 --- [main] liquibase.executor                       : Changelog query completed.
2024-05-31T22:10:06.688+07:00  INFO 1316 --- [main] liquibase.executor                       : Changelog query completed.
2024-05-31T22:10:06.690+07:00  INFO 1316 --- [main] liquibase.executor                       : Changelog query completed.
2024-05-31T22:10:06.703+07:00  INFO 1316 --- [main] liquibase.executor                       : Changelog query completed.
2024-05-31T22:10:06.705+07:00  INFO 1316 --- [main] liquibase.lockservice                    : Successfully acquired change log lock
2024-05-31T22:10:06.737+07:00  INFO 1316 --- [main] liquibase.executor                       : Changelog query completed.
2024-05-31T22:10:06.738+07:00  INFO 1316 --- [main] liquibase.changelog                      : Reading from public.databasechangelog
2024-05-31T22:10:06.739+07:00  INFO 1316 --- [main] liquibase.executor                       : Changelog query completed.
2024-05-31T22:10:06.740+07:00  INFO 1316 --- [main] liquibase.executor                       : Changelog query completed.
2024-05-31T22:10:06.781+07:00 ERROR 1316 --- [main] liquibase.changelog                      : ChangeSet db/changelog/changelog.sql::raw::includeAll encountered an exception.
2024-05-31T22:10:06.783+07:00  INFO 1316 --- [main] liquibase                                : Update command encountered an exception.
2024-05-31T22:10:06.786+07:00  INFO 1316 --- [main] liquibase.executor                       : Changelog query completed.
2024-05-31T22:10:06.787+07:00  INFO 1316 --- [main] liquibase.lockservice                    : Successfully released change log lock
2024-05-31T22:10:06.788+07:00  WARN 1316 --- [main] ConfigServletWebServerApplicationContext : Exception encountered during context initialization - cancelling refresh attempt: org.springframework.beans.factory.BeanCreationException: Error creating bean with name 'liquibase' defined in class path resource [org/springframework/boot/autoconfigure/liquibase/LiquibaseAutoConfiguration$LiquibaseConfiguration.class]: liquibase.exception.MigrationFailedException: Migration failed for changeset db/changelog/changelog.sql::raw::includeAll:
     Reason: liquibase.exception.DatabaseException: ERROR: syntax error at or near "databaseChangeLog"
  Position: 1 [Failed SQL: (0) databaseChangeLog:
   - changeSet:
       id: 1
       author: Liquibase
       changes:
       - createTable:
           tableName: contact
           columns:
           - column:
               name: phone_number
               type: INT
               constraints:
                   primaryKey:  false
                   nullable:  false
                   tableName: test_table]
2024-05-31T22:10:06.788+07:00  INFO 1316 --- [main] com.zaxxer.hikari.HikariDataSource       : HikariPool-1 - Shutdown initiated...
2024-05-31T22:10:06.825+07:00  INFO 1316 --- [main] com.zaxxer.hikari.HikariDataSource       : HikariPool-1 - Shutdown completed.
2024-05-31T22:10:06.827+07:00  INFO 1316 --- [main] o.apache.catalina.core.StandardService   : Stopping service [Tomcat]
2024-05-31T22:10:06.835+07:00  INFO 1316 --- [main] .s.b.a.l.ConditionEvaluationReportLogger : 

Error starting ApplicationContext. To display the condition evaluation report re-run your application with 'debug' enabled.
2024-05-31T22:10:06.844+07:00 ERROR 1316 --- [main] o.s.boot.SpringApplication               : Application run failed

org.springframework.beans.factory.BeanCreationException: Error creating bean with name 'liquibase' defined in class path resource [org/springframework/boot/autoconfigure/liquibase/LiquibaseAutoConfiguration$LiquibaseConfiguration.class]: liquibase.exception.MigrationFailedException: Migration failed for changeset db/changelog/changelog.sql::raw::includeAll:
     Reason: liquibase.exception.DatabaseException: ERROR: syntax error at or near "databaseChangeLog"
  Position: 1 [Failed SQL: (0) databaseChangeLog:
   - changeSet:
       id: 1
       author: Liquibase
       changes:
       - createTable:
           tableName: contact
           columns:
           - column:
               name: phone_number
               type: INT
               constraints:
                   primaryKey:  false
                   nullable:  false
                   tableName: test_table]
	at org.springframework.beans.factory.support.AbstractAutowireCapableBeanFactory.initializeBean(AbstractAutowireCapableBeanFactory.java:1770) ~[spring-beans-6.0.11.jar:6.0.11]
	at org.springframework.beans.factory.support.AbstractAutowireCapableBeanFactory.doCreateBean(AbstractAutowireCapableBeanFactory.java:598) ~[spring-beans-6.0.11.jar:6.0.11]
	at org.springframework.beans.factory.support.AbstractAutowireCapableBeanFactory.createBean(AbstractAutowireCapableBeanFactory.java:520) ~[spring-beans-6.0.11.jar:6.0.11]
	at org.springframework.beans.factory.support.AbstractBeanFactory.lambda$doGetBean$0(AbstractBeanFactory.java:326) ~[spring-beans-6.0.11.jar:6.0.11]
	at org.springframework.beans.factory.support.DefaultSingletonBeanRegistry.getSingleton(DefaultSingletonBeanRegistry.java:234) ~[spring-beans-6.0.11.jar:6.0.11]
	at org.springframework.beans.factory.support.AbstractBeanFactory.doGetBean(AbstractBeanFactory.java:324) ~[spring-beans-6.0.11.jar:6.0.11]
	at org.springframework.beans.factory.support.AbstractBeanFactory.getBean(AbstractBeanFactory.java:200) ~[spring-beans-6.0.11.jar:6.0.11]
	at org.springframework.beans.factory.support.AbstractBeanFactory.doGetBean(AbstractBeanFactory.java:313) ~[spring-beans-6.0.11.jar:6.0.11]
	at org.springframework.beans.factory.support.AbstractBeanFactory.getBean(AbstractBeanFactory.java:200) ~[spring-beans-6.0.11.jar:6.0.11]
	at org.springframework.context.support.AbstractApplicationContext.getBean(AbstractApplicationContext.java:1155) ~[spring-context-6.0.11.jar:6.0.11]
	at org.springframework.context.support.AbstractApplicationContext.finishBeanFactoryInitialization(AbstractApplicationContext.java:932) ~[spring-context-6.0.11.jar:6.0.11]
	at org.springframework.context.support.AbstractApplicationContext.refresh(AbstractApplicationContext.java:608) ~[spring-context-6.0.11.jar:6.0.11]
	at org.springframework.boot.web.servlet.context.ServletWebServerApplicationContext.refresh(ServletWebServerApplicationContext.java:146) ~[spring-boot-3.1.2.jar:3.1.2]
	at org.springframework.boot.SpringApplication.refresh(SpringApplication.java:734) ~[spring-boot-3.1.2.jar:3.1.2]
	at org.springframework.boot.SpringApplication.refreshContext(SpringApplication.java:436) ~[spring-boot-3.1.2.jar:3.1.2]
	at org.springframework.boot.SpringApplication.run(SpringApplication.java:312) ~[spring-boot-3.1.2.jar:3.1.2]
	at org.springframework.boot.SpringApplication.run(SpringApplication.java:1306) ~[spring-boot-3.1.2.jar:3.1.2]
	at org.springframework.boot.SpringApplication.run(SpringApplication.java:1295) ~[spring-boot-3.1.2.jar:3.1.2]
	at com.intern.project.InternProject.main(InternProject.java:9) ~[classes/:na]
Caused by: liquibase.exception.LiquibaseException: liquibase.exception.MigrationFailedException: Migration failed for changeset db/changelog/changelog.sql::raw::includeAll:
     Reason: liquibase.exception.DatabaseException: ERROR: syntax error at or near "databaseChangeLog"
  Position: 1 [Failed SQL: (0) databaseChangeLog:
   - changeSet:
       id: 1
       author: Liquibase
       changes:
       - createTable:
           tableName: contact
           columns:
           - column:
               name: phone_number
               type: INT
               constraints:
                   primaryKey:  false
                   nullable:  false
                   tableName: test_table]
	at liquibase.changelog.ChangeLogIterator.run(ChangeLogIterator.java:136) ~[liquibase-core-4.20.0.jar:na]
	at liquibase.Liquibase.lambda$null$0(Liquibase.java:297) ~[liquibase-core-4.20.0.jar:na]
	at liquibase.Scope.lambda$child$0(Scope.java:187) ~[liquibase-core-4.20.0.jar:na]
	at liquibase.Scope.child(Scope.java:196) ~[liquibase-core-4.20.0.jar:na]
	at liquibase.Scope.child(Scope.java:186) ~[liquibase-core-4.20.0.jar:na]
	at liquibase.Scope.child(Scope.java:165) ~[liquibase-core-4.20.0.jar:na]
	at liquibase.Scope.child(Scope.java:256) ~[liquibase-core-4.20.0.jar:na]
	at liquibase.Liquibase.lambda$update$1(Liquibase.java:295) ~[liquibase-core-4.20.0.jar:na]
	at liquibase.Scope.lambda$child$0(Scope.java:187) ~[liquibase-core-4.20.0.jar:na]
	at liquibase.Scope.child(Scope.java:196) ~[liquibase-core-4.20.0.jar:na]
	at liquibase.Scope.child(Scope.java:186) ~[liquibase-core-4.20.0.jar:na]
	at liquibase.Scope.child(Scope.java:165) ~[liquibase-core-4.20.0.jar:na]
	at liquibase.Liquibase.runInScope(Liquibase.java:2639) ~[liquibase-core-4.20.0.jar:na]
	at liquibase.Liquibase.update(Liquibase.java:236) ~[liquibase-core-4.20.0.jar:na]
	at liquibase.Liquibase.update(Liquibase.java:221) ~[liquibase-core-4.20.0.jar:na]
	at liquibase.integration.spring.SpringLiquibase.performUpdate(SpringLiquibase.java:329) ~[liquibase-core-4.20.0.jar:na]
	at liquibase.integration.spring.SpringLiquibase.afterPropertiesSet(SpringLiquibase.java:284) ~[liquibase-core-4.20.0.jar:na]
	at org.springframework.beans.factory.support.AbstractAutowireCapableBeanFactory.invokeInitMethods(AbstractAutowireCapableBeanFactory.java:1817) ~[spring-beans-6.0.11.jar:6.0.11]
	at org.springframework.beans.factory.support.AbstractAutowireCapableBeanFactory.initializeBean(AbstractAutowireCapableBeanFactory.java:1766) ~[spring-beans-6.0.11.jar:6.0.11]
	... 18 common frames omitted
Caused by: liquibase.exception.MigrationFailedException: Migration failed for changeset db/changelog/changelog.sql::raw::includeAll:
     Reason: liquibase.exception.DatabaseException: ERROR: syntax error at or near "databaseChangeLog"
  Position: 1 [Failed SQL: (0) databaseChangeLog:
   - changeSet:
       id: 1
       author: Liquibase
       changes:
       - createTable:
           tableName: contact
           columns:
           - column:
               name: phone_number
               type: INT
               constraints:
                   primaryKey:  false
                   nullable:  false
                   tableName: test_table]
	at liquibase.changelog.ChangeSet.execute(ChangeSet.java:744) ~[liquibase-core-4.20.0.jar:na]
	at liquibase.changelog.visitor.UpdateVisitor.visit(UpdateVisitor.java:59) ~[liquibase-core-4.20.0.jar:na]
	at liquibase.changelog.ChangeLogIterator$2.lambda$null$0(ChangeLogIterator.java:124) ~[liquibase-core-4.20.0.jar:na]
	at liquibase.Scope.lambda$child$0(Scope.java:187) ~[liquibase-core-4.20.0.jar:na]
	at liquibase.Scope.child(Scope.java:196) ~[liquibase-core-4.20.0.jar:na]
	at liquibase.Scope.child(Scope.java:186) ~[liquibase-core-4.20.0.jar:na]
	at liquibase.Scope.child(Scope.java:165) ~[liquibase-core-4.20.0.jar:na]
	at liquibase.changelog.ChangeLogIterator$2.lambda$run$1(ChangeLogIterator.java:124) ~[liquibase-core-4.20.0.jar:na]
	at liquibase.Scope.lambda$child$0(Scope.java:187) ~[liquibase-core-4.20.0.jar:na]
	at liquibase.Scope.child(Scope.java:196) ~[liquibase-core-4.20.0.jar:na]
	at liquibase.Scope.child(Scope.java:186) ~[liquibase-core-4.20.0.jar:na]
	at liquibase.Scope.child(Scope.java:165) ~[liquibase-core-4.20.0.jar:na]
	at liquibase.Scope.child(Scope.java:256) ~[liquibase-core-4.20.0.jar:na]
	at liquibase.changelog.ChangeLogIterator$2.run(ChangeLogIterator.java:105) ~[liquibase-core-4.20.0.jar:na]
	at liquibase.Scope.lambda$child$0(Scope.java:187) ~[liquibase-core-4.20.0.jar:na]
	at liquibase.Scope.child(Scope.java:196) ~[liquibase-core-4.20.0.jar:na]
	at liquibase.Scope.child(Scope.java:186) ~[liquibase-core-4.20.0.jar:na]
	at liquibase.Scope.child(Scope.java:165) ~[liquibase-core-4.20.0.jar:na]
	at liquibase.Scope.child(Scope.java:256) ~[liquibase-core-4.20.0.jar:na]
	at liquibase.Scope.child(Scope.java:260) ~[liquibase-core-4.20.0.jar:na]
	at liquibase.changelog.ChangeLogIterator.run(ChangeLogIterator.java:75) ~[liquibase-core-4.20.0.jar:na]
	... 36 common frames omitted
Caused by: liquibase.exception.DatabaseException: ERROR: syntax error at or near "databaseChangeLog"
  Position: 1 [Failed SQL: (0) databaseChangeLog:
   - changeSet:
       id: 1
       author: Liquibase
       changes:
       - createTable:
           tableName: contact
           columns:
           - column:
               name: phone_number
               type: INT
               constraints:
                   primaryKey:  false
                   nullable:  false
                   tableName: test_table]
	at liquibase.executor.jvm.JdbcExecutor$ExecuteStatementCallback.doInStatement(JdbcExecutor.java:445) ~[liquibase-core-4.20.0.jar:na]
	at liquibase.executor.jvm.JdbcExecutor.execute(JdbcExecutor.java:77) ~[liquibase-core-4.20.0.jar:na]
	at liquibase.executor.jvm.JdbcExecutor.execute(JdbcExecutor.java:160) ~[liquibase-core-4.20.0.jar:na]
	at liquibase.database.AbstractJdbcDatabase.execute(AbstractJdbcDatabase.java:1270) ~[liquibase-core-4.20.0.jar:na]
	at liquibase.database.AbstractJdbcDatabase.executeStatements(AbstractJdbcDatabase.java:1252) ~[liquibase-core-4.20.0.jar:na]
	at liquibase.changelog.ChangeSet.execute(ChangeSet.java:702) ~[liquibase-core-4.20.0.jar:na]
	... 56 common frames omitted
Caused by: org.postgresql.util.PSQLException: ERROR: syntax error at or near "databaseChangeLog"
  Position: 1
	at org.postgresql.core.v3.QueryExecutorImpl.receiveErrorResponse(QueryExecutorImpl.java:2713) ~[postgresql-42.6.0.jar:42.6.0]
	at org.postgresql.core.v3.QueryExecutorImpl.processResults(QueryExecutorImpl.java:2401) ~[postgresql-42.6.0.jar:42.6.0]
	at org.postgresql.core.v3.QueryExecutorImpl.execute(QueryExecutorImpl.java:368) ~[postgresql-42.6.0.jar:42.6.0]
	at org.postgresql.jdbc.PgStatement.executeInternal(PgStatement.java:498) ~[postgresql-42.6.0.jar:42.6.0]
	at org.postgresql.jdbc.PgStatement.execute(PgStatement.java:415) ~[postgresql-42.6.0.jar:42.6.0]
	at org.postgresql.jdbc.PgStatement.executeWithFlags(PgStatement.java:335) ~[postgresql-42.6.0.jar:42.6.0]
	at org.postgresql.jdbc.PgStatement.executeCachedSql(PgStatement.java:321) ~[postgresql-42.6.0.jar:42.6.0]
	at org.postgresql.jdbc.PgStatement.executeWithFlags(PgStatement.java:297) ~[postgresql-42.6.0.jar:42.6.0]
	at org.postgresql.jdbc.PgStatement.execute(PgStatement.java:292) ~[postgresql-42.6.0.jar:42.6.0]
	at com.zaxxer.hikari.pool.ProxyStatement.execute(ProxyStatement.java:94) ~[HikariCP-5.0.1.jar:na]
	at com.zaxxer.hikari.pool.HikariProxyStatement.execute(HikariProxyStatement.java) ~[HikariCP-5.0.1.jar:na]
	at liquibase.executor.jvm.JdbcExecutor$ExecuteStatementCallback.doInStatement(JdbcExecutor.java:441) ~[liquibase-core-4.20.0.jar:na]
	... 61 common frames omitted

